\BOOKMARK [1][-]{section*.2}{\376\377\000L\000i\000s\000t\000\040\000o\000f\000\040\000A\000b\000b\000r\000e\000v\000i\000a\000t\000i\000o\000n\000s}{}% 1
\BOOKMARK [1][-]{section*.4}{\376\377\000G\000l\000o\000s\000s\000a\000r\000y}{}% 2
\BOOKMARK [1][-]{section.6}{\376\377\000I\000n\000t\000r\000o\000d\000u\000c\000t\000i\000o\000n}{}% 3
\BOOKMARK [2][-]{subsection.7}{\376\377\000M\000o\000t\000i\000v\000a\000t\000i\000o\000n}{section.6}% 4
\BOOKMARK [2][-]{subsection.8}{\376\377\000P\000r\000o\000b\000l\000e\000m\000\040\000S\000t\000a\000t\000e\000m\000e\000n\000t}{section.6}% 5
\BOOKMARK [2][-]{subsection.9}{\376\377\000U\000n\000d\000e\000r\000s\000t\000a\000n\000d\000i\000n\000g\000\040\000N\000e\000u\000r\000o\000d\000i\000v\000e\000r\000s\000i\000t\000y\000\040\000i\000n\000\040\000S\000o\000f\000t\000w\000a\000r\000e\000\040\000D\000e\000v\000e\000l\000o\000p\000m\000e\000n\000t}{section.6}% 6
\BOOKMARK [2][-]{subsection.11}{\376\377\000A\000i\000m\000s\000\040\000a\000n\000d\000\040\000O\000b\000j\000e\000c\000t\000i\000v\000e\000s}{section.6}% 7
\BOOKMARK [3][-]{subsubsection.12}{\376\377\000P\000r\000o\000j\000e\000c\000t\000\040\000A\000i\000m}{subsection.11}% 8
\BOOKMARK [3][-]{subsubsection.13}{\376\377\000R\000e\000s\000e\000a\000r\000c\000h\000\040\000O\000b\000j\000e\000c\000t\000i\000v\000e\000s}{subsection.11}% 9
\BOOKMARK [2][-]{subsection.14}{\376\377\000D\000i\000s\000s\000e\000r\000t\000a\000t\000i\000o\000n\000\040\000S\000t\000r\000u\000c\000t\000u\000r\000e}{section.6}% 10
\BOOKMARK [1][-]{section.15}{\376\377\000L\000i\000t\000e\000r\000a\000t\000u\000r\000e\000\040\000R\000e\000v\000i\000e\000w}{}% 11
\BOOKMARK [2][-]{subsection.16}{\376\377\000C\000o\000g\000n\000i\000t\000i\000v\000e\000\040\000L\000o\000a\000d\000\040\000T\000h\000e\000o\000r\000y\000\040\000\050\000C\000L\000T\000\051}{section.15}% 12
\BOOKMARK [3][-]{subsubsection.17}{\376\377\000S\000w\000e\000l\000l\000e\000r\040\031\000s\000\040\000T\000r\000i\000p\000a\000r\000t\000i\000t\000e\000\040\000F\000r\000a\000m\000e\000w\000o\000r\000k\000\040\000o\000f\000\040\000L\000o\000a\000d}{subsection.16}% 13
\BOOKMARK [3][-]{subsubsection.22}{\376\377\000I\000n\000t\000e\000g\000r\000a\000t\000i\000o\000n\000\040\000w\000i\000t\000h\000\040\000R\000o\000s\000e\000n\000s\000h\000i\000n\000`\000s\000\040\000P\000r\000i\000n\000c\000i\000p\000l\000e\000s\000\040\000o\000f\000\040\000I\000n\000s\000t\000r\000u\000c\000t\000i\000o\000n}{subsection.16}% 14
\BOOKMARK [3][-]{subsubsection.23}{\376\377\000T\000h\000e\000\040\000C\000o\000g\000n\000i\000t\000i\000v\000e\000\040\000T\000h\000e\000o\000r\000y\000\040\000o\000f\000\040\000M\000u\000l\000t\000i\000m\000e\000d\000i\000a\000\040\000L\000e\000a\000r\000n\000i\000n\000g\000\040\000\050\000C\000T\000M\000L\000\051}{subsection.16}% 15
\BOOKMARK [2][-]{subsection.24}{\376\377\000N\000e\000u\000r\000o\000d\000i\000v\000e\000r\000s\000i\000t\000y\000\040\000i\000n\000\040\000S\000o\000f\000t\000w\000a\000r\000e\000\040\000E\000n\000g\000i\000n\000e\000e\000r\000i\000n\000g}{section.15}% 16
\BOOKMARK [3][-]{subsubsection.25}{\376\377\000T\000h\000e\000\040\000C\000o\000g\000n\000i\000t\000i\000v\000e\000\040\000L\000o\000a\000d\000\040\000C\000o\000n\000n\000e\000c\000t\000i\000o\000n}{subsection.24}% 17
\BOOKMARK [3][-]{subsubsection.26}{\376\377\000E\000x\000e\000c\000u\000t\000i\000v\000e\000\040\000F\000u\000n\000c\000t\000i\000o\000n\000i\000n\000g\000\040\000a\000n\000d\000\040\000T\000a\000s\000k\000\040\000S\000w\000i\000t\000c\000h\000i\000n\000g}{subsection.24}% 18
\BOOKMARK [3][-]{subsubsection.27}{\376\377\000S\000p\000e\000c\000i\000f\000i\000c\000\040\000C\000h\000a\000l\000l\000e\000n\000g\000e\000s\000\040\000b\000y\000\040\000C\000o\000n\000d\000i\000t\000i\000o\000n}{subsection.24}% 19
\BOOKMARK [3][-]{subsubsection.28}{\376\377\000B\000e\000y\000o\000n\000d\000\040\000M\000e\000d\000i\000c\000a\000l}{subsection.24}% 20
\BOOKMARK [3][-]{subsubsection.29}{\376\377\000T\000h\000e\000\040\000`\000`\000D\000o\000u\000b\000l\000e\000-\000E\000d\000g\000e\000d\000\040\000S\000w\000o\000r\000d\000'\000'\000\040\000o\000f\000\040\000H\000y\000p\000e\000r\000f\000o\000c\000u\000s}{subsection.24}% 21
\BOOKMARK [2][-]{subsection.30}{\376\377\000E\000x\000i\000s\000t\000i\000n\000g\000\040\000T\000o\000o\000l\000s}{section.15}% 22
\BOOKMARK [2][-]{subsection.31}{\376\377\000P\000o\000m\000o\000d\000o\000r\000o\000\040\000T\000i\000m\000e\000r}{section.15}% 23
\BOOKMARK [3][-]{subsubsection.32}{\376\377\000M\000a\000n\000a\000g\000i\000n\000g\000\040\000E\000x\000e\000c\000u\000t\000i\000v\000e\000\040\000D\000y\000s\000f\000u\000n\000c\000t\000i\000o\000n\000\040\000a\000n\000d\000\040\000T\000a\000s\000k\000\040\000P\000a\000r\000a\000l\000y\000s\000i\000s}{subsection.31}% 24
\BOOKMARK [3][-]{subsubsection.33}{\376\377\000C\000o\000m\000b\000a\000t\000t\000i\000n\000g\000\040\000T\000i\000m\000e\000\040\000B\000l\000i\000n\000d\000n\000e\000s\000s\000\040\000a\000n\000d\000\040\000H\000y\000p\000e\000r\000f\000o\000c\000u\000s\000\040\000B\000u\000r\000n\000o\000u\000t}{subsection.31}% 25
\BOOKMARK [3][-]{subsubsection.34}{\376\377\000C\000o\000g\000n\000i\000t\000i\000v\000e\000\040\000L\000o\000a\000d\000\040\000a\000n\000d\000\040\000A\000d\000a\000p\000t\000i\000v\000e\000\040\000I\000m\000p\000l\000e\000m\000e\000n\000t\000a\000t\000i\000o\000n}{subsection.31}% 26
\BOOKMARK [2][-]{subsection.35}{\376\377\000C\000o\000l\000o\000u\000r\000\040\000f\000i\000l\000t\000e\000r\000s}{section.15}% 27
\BOOKMARK [3][-]{subsubsection.36}{\376\377\000T\000h\000e\000\040\000`\000`\000H\000a\000l\000a\000t\000i\000o\000n\000'\000'\000\040\000R\000i\000s\000k\000\040\000a\000n\000d\000\040\000S\000o\000f\000t\000\040\000H\000i\000g\000h\000\040\000C\000o\000n\000t\000r\000a\000s\000t}{subsection.35}% 28
\BOOKMARK [2][-]{subsection.37}{\376\377\000A\000I\000\040\000a\000s\000\040\000a\000\040\000C\000o\000g\000n\000i\000t\000i\000v\000e\000\040\000T\000o\000o\000l\000:\000\040\000T\000a\000s\000k\000\040\000D\000e\000c\000o\000m\000p\000o\000s\000i\000t\000i\000o\000n\000\040\000a\000n\000d\000\040\000S\000c\000a\000f\000f\000o\000l\000d\000i\000n\000g}{section.15}% 29
\BOOKMARK [2][-]{subsection.38}{\376\377\000N\000A\000S\000A\000-\000T\000L\000X\000\040\000a\000n\000d\000\040\000S\000U\000S\000:\000\040\000M\000e\000a\000s\000u\000r\000i\000n\000g\000\040\000C\000o\000g\000n\000i\000t\000i\000v\000e\000\040\000L\000o\000a\000d\000\040\000a\000n\000d\000\040\000U\000s\000a\000b\000i\000l\000i\000t\000y}{section.15}% 30
\BOOKMARK [1][-]{section.39}{\376\377\000D\000e\000s\000i\000g\000n\000\040\000a\000n\000d\000\040\000I\000m\000p\000l\000e\000m\000e\000n\000t\000a\000t\000i\000o\000n}{}% 31
\BOOKMARK [2][-]{subsection.40}{\376\377\000U\000s\000e\000r\000\040\000R\000e\000q\000u\000i\000r\000e\000m\000e\000n\000t\000s}{section.39}% 32
\BOOKMARK [2][-]{subsection.42}{\376\377\000M\000o\000d\000u\000l\000e\000\040\000D\000e\000s\000i\000g\000n}{section.39}% 33
\BOOKMARK [3][-]{subsubsection.44}{\376\377\000M\000i\000n\000i\000m\000a\000l\000i\000s\000t\000\040\000T\000o\000g\000g\000l\000e}{subsection.42}% 34
\BOOKMARK [3][-]{subsubsection.45}{\376\377\000T\000a\000s\000k\000\040\000A\000r\000c\000h\000i\000t\000e\000c\000t}{subsection.42}% 35
\BOOKMARK [3][-]{subsubsection.46}{\376\377\000V\000i\000s\000u\000a\000l\000\040\000S\000t\000y\000l\000e\000r}{subsection.42}% 36
\BOOKMARK [2][-]{subsection.47}{\376\377\000S\000y\000s\000t\000e\000m\000\040\000A\000r\000c\000h\000i\000t\000e\000c\000t\000u\000r\000e}{section.39}% 37
\BOOKMARK [2][-]{subsection.49}{\376\377\000I\000m\000p\000l\000e\000m\000e\000n\000t\000a\000t\000i\000o\000n}{section.39}% 38
\BOOKMARK [2][-]{subsection.50}{\376\377\000T\000e\000c\000h\000n\000o\000l\000o\000g\000y\000\040\000S\000t\000a\000c\000k}{section.39}% 39
\BOOKMARK [2][-]{subsection.51}{\376\377\000U\000I\000\040\000S\000i\000m\000p\000l\000i\000f\000i\000c\000a\000t\000i\000o\000n\000\040\000a\000n\000d\000\040\000M\000i\000n\000i\000m\000a\000l\000i\000s\000t\000\040\000T\000o\000g\000g\000l\000e}{section.39}% 40
\BOOKMARK [2][-]{subsection.52}{\376\377\000A\000I\000\040\000I\000n\000t\000e\000g\000r\000a\000t\000i\000o\000n}{section.39}% 41
\BOOKMARK [2][-]{subsection.57}{\376\377\000D\000y\000s\000l\000e\000x\000i\000a\000\040\000S\000e\000t\000t\000i\000n\000g\000s\000:\000\040\000T\000e\000s\000t\000\040\000s\000p\000a\000c\000i\000n\000g}{section.39}% 42
\BOOKMARK [3][-]{subsubsection.59}{\376\377\000I\000n\000i\000t\000i\000a\000l\000\040\000P\000l\000a\000n\000:\000\040\000O\000n\000e\000\040\000O\000p\000t\000i\000o\000n}{subsection.57}% 43
\BOOKMARK [3][-]{subsubsection.62}{\376\377\000F\000i\000n\000a\000l\000\040\000U\000I\000\040\000I\000n\000t\000e\000g\000r\000a\000t\000i\000o\000n}{subsection.57}% 44
\BOOKMARK [2][-]{subsection.64}{\376\377\000P\000o\000m\000o\000d\000o\000r\000o\000\040\000T\000i\000m\000e\000r}{section.39}% 45
\BOOKMARK [2][-]{subsection.65}{\376\377\000I\000n\000i\000t\000a\000l\000\040\000U\000s\000e\000r\000\040\000T\000e\000s\000t\000i\000n\000g\000\040\000a\000n\000d\000\040\000F\000e\000e\000d\000b\000a\000c\000k}{section.39}% 46
\BOOKMARK [2][-]{subsection.71}{\376\377\000E\000v\000a\000l\000u\000a\000t\000i\000o\000n\000\040\000a\000n\000d\000\040\000M\000e\000t\000h\000o\000d\000o\000l\000o\000g\000y}{section.39}% 47
\BOOKMARK [2][-]{subsection.72}{\376\377\000E\000x\000p\000e\000r\000i\000m\000e\000n\000t\000a\000l\000\040\000D\000e\000s\000i\000g\000n}{section.39}% 48
\BOOKMARK [2][-]{subsection.75}{\376\377\000Q\000u\000a\000n\000t\000i\000t\000a\000t\000i\000v\000e\000\040\000a\000n\000d\000\040\000Q\000u\000a\000l\000i\000t\000a\000t\000i\000v\000e\000\040\000F\000r\000a\000m\000e\000w\000o\000r\000k\000s}{section.39}% 49
\BOOKMARK [3][-]{subsubsection.76}{\376\377\000N\000A\000S\000A\000\040\000T\000a\000s\000k\000\040\000L\000o\000a\000d\000\040\000I\000n\000d\000e\000x\000\040\000\050\000N\000A\000S\000A\000T\000L\000X\000\051}{subsection.75}% 50
\BOOKMARK [3][-]{subsubsection.77}{\376\377\000S\000y\000s\000t\000e\000m\000\040\000U\000s\000a\000b\000i\000l\000i\000t\000y\000\040\000S\000c\000a\000l\000e\000\040\000\050\000S\000U\000S\000\051}{subsection.75}% 51
\BOOKMARK [2][-]{subsection.80}{\376\377\000D\000a\000t\000a\000\040\000C\000o\000l\000l\000e\000c\000t\000i\000o\000n\000\040\000a\000n\000d\000\040\000A\000n\000a\000l\000y\000s\000i\000s}{section.39}% 52
\BOOKMARK [1][-]{section.81}{\376\377\000R\000e\000s\000u\000l\000t\000s\000\040\000a\000n\000d\000\040\000D\000i\000s\000c\000u\000s\000s\000i\000o\000n}{}% 53
\BOOKMARK [2][-]{subsection.82}{\376\377\000N\000A\000S\000A\000-\000T\000L\000X\000\040\000S\000u\000b\000j\000e\000c\000t\000i\000v\000e\000\040\000W\000o\000r\000k\000l\000o\000a\000d}{section.81}% 54
\BOOKMARK [2][-]{subsection.85}{\376\377\000C\000o\000m\000p\000a\000r\000a\000t\000i\000v\000e\000\040\000P\000e\000r\000f\000o\000r\000m\000a\000n\000c\000e}{section.81}% 55
\BOOKMARK [2][-]{subsection.89}{\376\377\000E\000f\000f\000i\000c\000i\000e\000n\000c\000y\000\040\000a\000n\000d\000\040\000T\000i\000m\000e\000-\000o\000n\000-\000T\000a\000s\000k\000\040\000A\000n\000a\000l\000y\000s\000i\000s}{section.81}% 56
\BOOKMARK [2][-]{subsection.91}{\376\377\000S\000U\000S\000\040\000M\000e\000t\000r\000i\000c\000s}{section.81}% 57
\BOOKMARK [3][-]{subsubsection.92}{\376\377\000I\000t\000e\000m\000\040\0002\000\040\000\046\000\040\0006\000:\000\040\000C\000o\000m\000p\000l\000e\000x\000i\000t\000y\000\040\000a\000n\000d\000\040\000C\000o\000n\000s\000i\000s\000t\000e\000n\000c\000y}{subsection.91}% 58
\BOOKMARK [3][-]{subsubsection.93}{\376\377\000I\000t\000e\000m\000\040\0004\000\040\000\046\000\040\0001\0000\000:\000\040\000I\000n\000d\000e\000p\000e\000n\000d\000e\000n\000c\000e\000\040\000a\000n\000d\000\040\000L\000e\000a\000r\000n\000i\000n\000g\000\040\000C\000u\000r\000v\000e}{subsection.91}% 59
\BOOKMARK [3][-]{subsubsection.94}{\376\377\000I\000t\000e\000m\000\040\0009\000:\000\040\000C\000o\000n\000f\000i\000d\000e\000n\000c\000e}{subsection.91}% 60
\BOOKMARK [2][-]{subsection.95}{\376\377\000P\000r\000e\000-\000S\000t\000u\000d\000y\000\040\000I\000n\000t\000e\000r\000v\000i\000e\000w\000\040\000F\000i\000n\000d\000i\000n\000g\000s}{section.81}% 61
\BOOKMARK [2][-]{subsection.96}{\376\377\000R\000e\000a\000l\000-\000T\000i\000m\000e\000\040\000F\000e\000e\000d\000b\000a\000c\000k\000\040\000a\000n\000d\000\040\000U\000s\000e\000r\000\040\000E\000x\000p\000e\000r\000i\000e\000n\000c\000e}{section.81}% 62
\BOOKMARK [2][-]{subsection.97}{\376\377\000N\000u\000m\000b\000e\000r\000\040\000o\000f\000\040\000C\000l\000i\000c\000k\000s\000\040\000a\000n\000d\000\040\000U\000s\000e\000r\000\040\000F\000l\000o\000w}{section.81}% 63
\BOOKMARK [2][-]{subsection.98}{\376\377\000D\000i\000s\000c\000u\000s\000s\000i\000o\000n}{section.81}% 64
\BOOKMARK [2][-]{subsection.99}{\376\377\000L\000i\000m\000i\000t\000a\000t\000i\000o\000n\000s}{section.81}% 65
\BOOKMARK [1][-]{section.100}{\376\377\000C\000o\000n\000c\000l\000u\000s\000i\000o\000n}{}% 66
\BOOKMARK [2][-]{subsection.101}{\376\377\000S\000u\000m\000m\000a\000r\000y\000\040\000o\000f\000\040\000F\000i\000n\000d\000i\000n\000g\000s}{section.100}% 67
\BOOKMARK [1][-]{section*.102}{\376\377\000R\000e\000f\000e\000r\000e\000n\000c\000e\000s}{}% 68
